// Vitest Snapshot v1, https://vitest.dev/guide/snapshot.html

exports[`Loader > matches snapshot 1`] = `
<DocumentFragment>
  <div
    aria-live="polite"
    class="m-2 flex flex-col items-center justify-center gap-2"
    role="status"
  >
    <svg
      class="animate-spin h-12 w-12 stroke-primary"
      viewBox="0 0 800 800"
      xmlns="http://www.w3.org/2000/svg"
    >
      <circle
        cx="400"
        cy="400"
        fill="none"
        r="350"
        stroke-dasharray="1648,550"
        stroke-linecap="round"
        stroke-width="64"
      />
    </svg>
    <span
      class="sr-only"
    >
      Loading...
    </span>
  </div>
</DocumentFragment>
`;
