// Vitest Snapshot v1, https://vitest.dev/guide/snapshot.html

exports[`MovieCardSkeleton > matches snapshot 1`] = `
<DocumentFragment>
  <div
    class="rounded-lg border bg-card text-card-foreground m-0 shadow-lg hover:cursor-pointer hover:shadow-slate-600"
  >
    <div
      class="flex flex-col space-y-1.5 aspect-[2/3] p-2"
    >
      <div
        class="animate-pulse rounded-md bg-muted h-full"
      />
    </div>
    <div
      class="p-6 pt-0 flex flex-col items-center px-2 pb-2"
    >
      <div
        class="animate-pulse rounded-md bg-muted h-5 w-1/2"
      />
      <div
        class="animate-pulse rounded-md bg-muted h-5 w-5/6"
      />
    </div>
  </div>
</DocumentFragment>
`;
