// Vitest Snapshot v1, https://vitest.dev/guide/snapshot.html

exports[`MovieCard > matches snapshot 1`] = `
<DocumentFragment>
  <a
    href="/movie/475557"
  >
    <div
      class="rounded-lg border bg-card text-card-foreground m-0 shadow-lg hover:cursor-pointer hover:shadow-slate-600"
    >
      <div
        class="flex flex-col space-y-1.5 aspect-[2/3] p-2"
      >
        <img
          alt="Joker"
          class="h-full object-scale-down object-top"
          title="Joker"
        />
      </div>
      <div
        class="p-6 pt-0 px-2 pb-2"
      >
        <p
          class="text-sm text-muted-foreground text-center"
        >
          <time
            datetime="2019"
          >
            2019
          </time>
           â€¢ 
          <time
            datetime="PT2H2M"
          >
            2h 2m
          </time>
        </p>
        <div
          class="flex justify-around"
          title="4.08"
        >
          <svg
            class="lucide lucide-star fill-current text-yellow-500"
            fill="none"
            height="20"
            stroke="currentColor"
            stroke-linecap="round"
            stroke-linejoin="round"
            stroke-width="2"
            viewBox="0 0 24 24"
            width="20"
            xmlns="http://www.w3.org/2000/svg"
          >
            <polygon
              points="12 2 15.09 8.26 22 9.27 17 14.14 18.18 21.02 12 17.77 5.82 21.02 7 14.14 2 9.27 8.91 8.26 12 2"
            />
          </svg>
          <svg
            class="lucide lucide-star fill-current text-yellow-500"
            fill="none"
            height="20"
            stroke="currentColor"
            stroke-linecap="round"
            stroke-linejoin="round"
            stroke-width="2"
            viewBox="0 0 24 24"
            width="20"
            xmlns="http://www.w3.org/2000/svg"
          >
            <polygon
              points="12 2 15.09 8.26 22 9.27 17 14.14 18.18 21.02 12 17.77 5.82 21.02 7 14.14 2 9.27 8.91 8.26 12 2"
            />
          </svg>
          <svg
            class="lucide lucide-star fill-current text-yellow-500"
            fill="none"
            height="20"
            stroke="currentColor"
            stroke-linecap="round"
            stroke-linejoin="round"
            stroke-width="2"
            viewBox="0 0 24 24"
            width="20"
            xmlns="http://www.w3.org/2000/svg"
          >
            <polygon
              points="12 2 15.09 8.26 22 9.27 17 14.14 18.18 21.02 12 17.77 5.82 21.02 7 14.14 2 9.27 8.91 8.26 12 2"
            />
          </svg>
          <svg
            class="lucide lucide-star fill-current text-yellow-500"
            fill="none"
            height="20"
            stroke="currentColor"
            stroke-linecap="round"
            stroke-linejoin="round"
            stroke-width="2"
            viewBox="0 0 24 24"
            width="20"
            xmlns="http://www.w3.org/2000/svg"
          >
            <polygon
              points="12 2 15.09 8.26 22 9.27 17 14.14 18.18 21.02 12 17.77 5.82 21.02 7 14.14 2 9.27 8.91 8.26 12 2"
            />
          </svg>
          <div
            class="relative inline-block"
          >
            <svg
              class="lucide lucide-star fill-transparent text-yellow-500"
              fill="none"
              height="20"
              stroke="currentColor"
              stroke-linecap="round"
              stroke-linejoin="round"
              stroke-width="2"
              viewBox="0 0 24 24"
              width="20"
              xmlns="http://www.w3.org/2000/svg"
            >
              <polygon
                points="12 2 15.09 8.26 22 9.27 17 14.14 18.18 21.02 12 17.77 5.82 21.02 7 14.14 2 9.27 8.91 8.26 12 2"
              />
            </svg>
            <div
              style="position: absolute; top: 0px; overflow: hidden; width: 8.399999999999963%;"
            >
              <svg
                class="lucide lucide-star fill-current text-yellow-500"
                fill="none"
                height="20"
                stroke="currentColor"
                stroke-linecap="round"
                stroke-linejoin="round"
                stroke-width="2"
                viewBox="0 0 24 24"
                width="20"
                xmlns="http://www.w3.org/2000/svg"
              >
                <polygon
                  points="12 2 15.09 8.26 22 9.27 17 14.14 18.18 21.02 12 17.77 5.82 21.02 7 14.14 2 9.27 8.91 8.26 12 2"
                />
              </svg>
            </div>
          </div>
        </div>
      </div>
    </div>
  </a>
</DocumentFragment>
`;
