// Vitest Snapshot v1, https://vitest.dev/guide/snapshot.html

exports[`NavbarOverlay > matches snapshot 1`] = `
<DocumentFragment>
  <button
    aria-controls="radix-:r0:"
    aria-expanded="false"
    aria-haspopup="dialog"
    class="inline-flex items-center justify-center whitespace-nowrap rounded-md text-sm font-medium ring-offset-background transition-colors focus-visible:outline-none focus-visible:ring-2 focus-visible:ring-ring focus-visible:ring-offset-2 disabled:pointer-events-none disabled:opacity-50 border border-input bg-background hover:bg-accent hover:text-accent-foreground h-10 w-10 sm:hidden"
    data-state="closed"
    type="button"
  >
    <svg
      class="lucide lucide-menu"
      fill="none"
      height="24"
      stroke="currentColor"
      stroke-linecap="round"
      stroke-linejoin="round"
      stroke-width="2"
      viewBox="0 0 24 24"
      width="24"
      xmlns="http://www.w3.org/2000/svg"
    >
      <line
        x1="4"
        x2="20"
        y1="12"
        y2="12"
      />
      <line
        x1="4"
        x2="20"
        y1="6"
        y2="6"
      />
      <line
        x1="4"
        x2="20"
        y1="18"
        y2="18"
      />
    </svg>
    <span
      class="sr-only"
    >
      Toggle navigation menu
    </span>
  </button>
  <h2
    class="text-lg font-semibold text-foreground"
    id="radix-:r1:"
  />
  <p
    class="text-sm text-muted-foreground"
    id="radix-:r2:"
  />
</DocumentFragment>
`;
