// Vitest Snapshot v1, https://vitest.dev/guide/snapshot.html

exports[`SortAndFilterPanel > matches snapshot 1`] = `
<DocumentFragment>
  <button
    aria-controls="radix-:r0:"
    aria-expanded="false"
    aria-haspopup="dialog"
    class="inline-flex items-center justify-center whitespace-nowrap rounded-md text-sm font-medium ring-offset-background transition-colors focus-visible:outline-none focus-visible:ring-2 focus-visible:ring-ring focus-visible:ring-offset-2 disabled:pointer-events-none disabled:opacity-50 border border-input bg-background hover:bg-accent hover:text-accent-foreground h-10 px-4 py-2 space-x-2"
    data-state="closed"
    type="button"
  >
    <svg
      class="lucide lucide-sliders-horizontal h-3.5 w-3.5"
      fill="none"
      height="24"
      stroke="currentColor"
      stroke-linecap="round"
      stroke-linejoin="round"
      stroke-width="2"
      viewBox="0 0 24 24"
      width="24"
      xmlns="http://www.w3.org/2000/svg"
    >
      <line
        x1="21"
        x2="14"
        y1="4"
        y2="4"
      />
      <line
        x1="10"
        x2="3"
        y1="4"
        y2="4"
      />
      <line
        x1="21"
        x2="12"
        y1="12"
        y2="12"
      />
      <line
        x1="8"
        x2="3"
        y1="12"
        y2="12"
      />
      <line
        x1="21"
        x2="16"
        y1="20"
        y2="20"
      />
      <line
        x1="12"
        x2="3"
        y1="20"
        y2="20"
      />
      <line
        x1="14"
        x2="14"
        y1="2"
        y2="6"
      />
      <line
        x1="8"
        x2="8"
        y1="10"
        y2="14"
      />
      <line
        x1="16"
        x2="16"
        y1="18"
        y2="22"
      />
    </svg>
    <span
      class="sr-only sm:not-sr-only sm:whitespace-nowrap"
    >
      Sort & Filter
    </span>
  </button>
</DocumentFragment>
`;
