// Vitest Snapshot v1, https://vitest.dev/guide/snapshot.html

exports[`UserDropdown > matches snapshot 1`] = `
<DocumentFragment>
  <button
    aria-description="Display your username, change your username or sign out"
    aria-expanded="false"
    aria-haspopup="menu"
    aria-label="user"
    class="justify-center whitespace-nowrap rounded-md text-sm font-medium ring-offset-background transition-colors focus-visible:outline-none focus-visible:ring-2 focus-visible:ring-ring focus-visible:ring-offset-2 disabled:pointer-events-none disabled:opacity-50 border border-input bg-background hover:bg-accent hover:text-accent-foreground h-10 px-4 py-2 flex items-center space-x-2"
    data-state="closed"
    id="radix-:r0:"
    type="button"
  >
    <svg
      class="lucide lucide-user h-4 w-4"
      fill="none"
      height="24"
      stroke="currentColor"
      stroke-linecap="round"
      stroke-linejoin="round"
      stroke-width="2"
      viewBox="0 0 24 24"
      width="24"
      xmlns="http://www.w3.org/2000/svg"
    >
      <path
        d="M19 21v-2a4 4 0 0 0-4-4H9a4 4 0 0 0-4 4v2"
      />
      <circle
        cx="12"
        cy="7"
        r="4"
      />
    </svg>
    <span
      class="hidden truncate sm:flex sm:max-w-32"
    >
      Guest
    </span>
  </button>
</DocumentFragment>
`;
